// Jest Snapshot v1, https://goo.gl/fbAQLP

exports[`<Timeline/> render 1`] = `
<div>
  <div
    class="timeline"
  >
    <div
      class="timeline-body"
    >
      <div
        class="timeline-weekdays"
      >
        <div
          class="timeline-weekdays-weekday"
        />
        <div
          class="timeline-weekdays-weekday"
        >
          Mon
        </div>
        <div
          class="timeline-weekdays-weekday"
        />
        <div
          class="timeline-weekdays-weekday"
        >
          Wed
        </div>
        <div
          class="timeline-weekdays-weekday"
        />
        <div
          class="timeline-weekdays-weekday"
        >
          Fri
        </div>
        <div
          class="timeline-weekdays-weekday"
        />
      </div>
      <div
        class="timeline-cells"
      >
        <div
          class="timeline-cells-cell"
          style="background-color: rgb(235, 115, 120);"
        />
        <div
          class="timeline-cells-cell"
          style="background-color: rgb(235, 115, 120);"
        />
        <div
          class="timeline-cells-cell"
          style="background-color: rgb(235, 115, 120);"
        />
        <div
          class="timeline-cells-cell"
          style="background-color: rgb(235, 115, 120);"
        />
        <div
          class="timeline-cells-cell"
          style="background-color: rgb(235, 115, 120);"
        />
        <div
          class="timeline-cells-cell"
          style="background-color: rgb(235, 115, 120);"
        />
        <div
          class="timeline-cells-cell"
          style="background-color: rgb(235, 115, 120);"
        />
        <div
          class="timeline-cells-cell"
          style="background-color: rgb(235, 115, 120);"
        />
        <div
          class="timeline-cells-cell"
          style="background-color: rgb(235, 115, 120);"
        />
        <div
          class="timeline-cells-cell"
          style="background-color: rgb(248, 204, 205);"
        />
        <div
          class="timeline-cells-cell"
          style="background-color: rgb(248, 204, 205);"
        />
        <div
          class="timeline-cells-cell"
          style="background-color: rgb(235, 115, 120);"
        />
        <div
          class="timeline-cells-cell"
          style="background-color: rgb(235, 115, 120);"
        />
        <div
          class="timeline-cells-cell"
          style="background-color: rgb(235, 115, 120);"
        />
        <div
          class="timeline-cells-cell"
          style="background-color: rgb(233, 98, 102);"
        />
        <div
          class="timeline-cells-cell"
          style="background-color: rgb(235, 115, 120);"
        />
        <div
          class="timeline-cells-cell"
          style="background-color: rgb(235, 115, 120);"
        />
        <div
          class="timeline-cells-cell"
          style="background-color: rgb(235, 115, 120);"
        />
        <div
          class="timeline-cells-cell"
          style="background-color: rgb(235, 115, 120);"
        />
        <div
          class="timeline-cells-cell"
          style="background-color: rgb(235, 115, 120);"
        />
        <div
          class="timeline-cells-cell"
          style="background-color: rgb(231, 85, 90);"
        />
        <div
          class="timeline-cells-cell"
          style="background-color: rgb(235, 115, 120);"
        />
        <div
          class="timeline-cells-cell"
          style="background-color: rgb(235, 115, 120);"
        />
        <div
          class="timeline-cells-cell"
          style="background-color: rgb(235, 115, 120);"
        />
        <div
          class="timeline-cells-cell"
          style="background-color: rgb(235, 115, 120);"
        />
        <div
          class="timeline-cells-cell"
          style="background-color: rgb(235, 115, 120);"
        />
        <div
          class="timeline-cells-cell"
          style="background-color: rgb(235, 115, 120);"
        />
        <div
          class="timeline-cells-cell"
          style="background-color: rgb(235, 115, 120);"
        />
        <div
          class="timeline-cells-cell"
          style="background-color: rgb(235, 115, 120);"
        />
        <div
          class="timeline-cells-cell"
          style="background-color: rgb(235, 115, 120);"
        />
        <div
          class="timeline-cells-cell"
          style="background-color: rgb(235, 115, 120);"
        />
        <div
          class="timeline-cells-cell"
          style="background-color: rgb(235, 115, 120);"
        />
        <div
          class="timeline-cells-cell"
          style="background-color: rgb(235, 115, 120);"
        />
        <div
          class="timeline-cells-cell"
          style="background-color: rgb(164, 219, 165);"
        />
        <div
          class="timeline-cells-cell"
          style="background-color: rgb(235, 115, 120);"
        />
        <div
          class="timeline-cells-cell"
          style="background-color: rgb(235, 115, 120);"
        />
        <div
          class="timeline-cells-cell"
          style="background-color: rgb(235, 115, 120);"
        />
        <div
          class="timeline-cells-cell"
          style="background-color: rgb(235, 115, 120);"
        />
        <div
          class="timeline-cells-cell"
          style="background-color: rgb(235, 115, 120);"
        />
        <div
          class="timeline-cells-cell"
          style="background-color: rgb(235, 115, 120);"
        />
        <div
          class="timeline-cells-cell"
          style="background-color: rgb(233, 98, 102);"
        />
        <div
          class="timeline-cells-cell"
          style="background-color: rgb(235, 115, 120);"
        />
        <div
          class="timeline-cells-cell"
          style="background-color: rgb(235, 115, 120);"
        />
        <div
          class="timeline-cells-cell"
          style="background-color: rgb(235, 115, 120);"
        />
        <div
          class="timeline-cells-cell"
          style="background-color: rgb(235, 115, 120);"
        />
        <div
          class="timeline-cells-cell"
          style="background-color: rgb(248, 204, 205);"
        />
        <div
          class="timeline-cells-cell"
          style="background-color: rgb(235, 115, 120);"
        />
        <div
          class="timeline-cells-cell"
          style="background-color: rgb(235, 115, 120);"
        />
        <div
          class="timeline-cells-cell"
          style="background-color: rgb(235, 115, 120);"
        />
        <div
          class="timeline-cells-cell"
          style="background-color: rgb(235, 115, 120);"
        />
        <div
          class="timeline-cells-cell"
          style="background-color: rgb(235, 115, 120);"
        />
        <div
          class="timeline-cells-cell"
          style="background-color: rgb(235, 115, 120);"
        />
        <div
          class="timeline-cells-cell"
          style="background-color: rgb(248, 204, 205);"
        />
        <div
          class="timeline-cells-cell"
          style="background-color: rgb(248, 204, 205);"
        />
        <div
          class="timeline-cells-cell"
          style="background-color: rgb(235, 115, 120);"
        />
        <div
          class="timeline-cells-cell"
          style="background-color: rgb(235, 115, 120);"
        />
        <div
          class="timeline-cells-cell"
          style="background-color: rgb(235, 115, 120);"
        />
        <div
          class="timeline-cells-cell"
          style="background-color: rgb(235, 115, 120);"
        />
        <div
          class="timeline-cells-cell"
          style="background-color: rgb(248, 204, 205);"
        />
        <div
          class="timeline-cells-cell"
          style="background-color: rgb(235, 115, 120);"
        />
        <div
          class="timeline-cells-cell"
          style="background-color: rgb(235, 115, 120);"
        />
        <div
          class="timeline-cells-cell"
          style="background-color: rgb(235, 115, 120);"
        />
        <div
          class="timeline-cells-cell"
          style="background-color: rgb(231, 85, 90);"
        />
        <div
          class="timeline-cells-cell"
          style="background-color: rgb(231, 85, 90);"
        />
        <div
          class="timeline-cells-cell"
          style="background-color: rgb(235, 115, 120);"
        />
        <div
          class="timeline-cells-cell"
          style="background-color: rgb(235, 115, 120);"
        />
        <div
          class="timeline-cells-cell"
          style="background-color: rgb(235, 115, 120);"
        />
        <div
          class="timeline-cells-cell"
          style="background-color: rgb(233, 98, 102);"
        />
        <div
          class="timeline-cells-cell"
          style="background-color: rgb(235, 115, 120);"
        />
        <div
          class="timeline-cells-cell"
          style="background-color: rgb(235, 115, 120);"
        />
        <div
          class="timeline-cells-cell"
          style="background-color: rgb(235, 115, 120);"
        />
        <div
          class="timeline-cells-cell"
          style="background-color: rgb(235, 115, 120);"
        />
        <div
          class="timeline-cells-cell"
          style="background-color: rgb(235, 115, 120);"
        />
        <div
          class="timeline-cells-cell"
          style="background-color: rgb(235, 115, 120);"
        />
        <div
          class="timeline-cells-cell"
          style="background-color: rgb(235, 115, 120);"
        />
        <div
          class="timeline-cells-cell"
          style="background-color: rgb(235, 115, 120);"
        />
        <div
          class="timeline-cells-cell"
          style="background-color: rgb(235, 115, 120);"
        />
        <div
          class="timeline-cells-cell"
          style="background-color: rgb(235, 115, 120);"
        />
        <div
          class="timeline-cells-cell"
          style="background-color: rgb(150, 213, 152);"
        />
        <div
          class="timeline-cells-cell"
          style="background-color: rgb(150, 213, 152);"
        />
        <div
          class="timeline-cells-cell"
          style="background-color: rgb(248, 204, 205);"
        />
        <div
          class="timeline-cells-cell"
          style="background-color: rgb(231, 85, 90);"
        />
        <div
          class="timeline-cells-cell"
          style="background-color: rgb(235, 115, 120);"
        />
        <div
          class="timeline-cells-cell"
          style="background-color: rgb(235, 115, 120);"
        />
        <div
          class="timeline-cells-cell"
          style="background-color: rgb(235, 115, 120);"
        />
        <div
          class="timeline-cells-cell"
          style="background-color: rgb(233, 98, 102);"
        />
        <div
          class="timeline-cells-cell"
          style="background-color: rgb(235, 115, 120);"
        />
        <div
          class="timeline-cells-cell"
          style="background-color: rgb(231, 85, 90);"
        />
        <div
          class="timeline-cells-cell"
          style="background-color: rgb(235, 115, 120);"
        />
        <div
          class="timeline-cells-cell"
          style="background-color: rgb(235, 115, 120);"
        />
        <div
          class="timeline-cells-cell"
          style="background-color: rgb(235, 115, 120);"
        />
        <div
          class="timeline-cells-cell"
          style="background-color: rgb(235, 115, 120);"
        />
        <div
          class="timeline-cells-cell"
          style="background-color: rgb(235, 115, 120);"
        />
        <div
          class="timeline-cells-cell"
          style="background-color: rgb(235, 115, 120);"
        />
        <div
          class="timeline-cells-cell"
          style="background-color: rgb(235, 115, 120);"
        />
        <div
          class="timeline-cells-cell"
          style="background-color: rgb(235, 115, 120);"
        />
        <div
          class="timeline-cells-cell"
          style="background-color: rgb(235, 115, 120);"
        />
        <div
          class="timeline-cells-cell"
          style="background-color: rgb(235, 115, 120);"
        />
        <div
          class="timeline-cells-cell"
          style="background-color: rgb(248, 204, 205);"
        />
        <div
          class="timeline-cells-cell"
          style="background-color: rgb(150, 213, 152);"
        />
        <div
          class="timeline-cells-cell"
          style="background-color: rgb(235, 115, 120);"
        />
        <div
          class="timeline-cells-cell"
          style="background-color: rgb(235, 115, 120);"
        />
        <div
          class="timeline-cells-cell"
          style="background-color: rgb(235, 115, 120);"
        />
        <div
          class="timeline-cells-cell"
          style="background-color: rgb(235, 115, 120);"
        />
        <div
          class="timeline-cells-cell"
          style="background-color: rgb(235, 115, 120);"
        />
        <div
          class="timeline-cells-cell"
          style="background-color: rgb(235, 115, 120);"
        />
        <div
          class="timeline-cells-cell"
          style="background-color: rgb(109, 197, 110);"
        />
        <div
          class="timeline-cells-cell"
          style="background-color: rgb(235, 115, 120);"
        />
        <div
          class="timeline-cells-cell"
          style="background-color: rgb(235, 115, 120);"
        />
        <div
          class="timeline-cells-cell"
          style="background-color: rgb(235, 115, 120);"
        />
        <div
          class="timeline-cells-cell"
          style="background-color: rgb(235, 115, 120);"
        />
        <div
          class="timeline-cells-cell"
          style="background-color: rgb(235, 115, 120);"
        />
        <div
          class="timeline-cells-cell"
          style="background-color: rgb(233, 98, 102);"
        />
        <div
          class="timeline-cells-cell"
          style="background-color: rgb(235, 115, 120);"
        />
        <div
          class="timeline-cells-cell"
          style="background-color: rgb(235, 115, 120);"
        />
        <div
          class="timeline-cells-cell"
          style="background-color: rgb(235, 115, 120);"
        />
        <div
          class="timeline-cells-cell"
          style="background-color: rgb(248, 204, 205);"
        />
        <div
          class="timeline-cells-cell"
          style="background-color: rgb(235, 115, 120);"
        />
        <div
          class="timeline-cells-cell"
          style="background-color: rgb(235, 115, 120);"
        />
        <div
          class="timeline-cells-cell"
          style="background-color: rgb(248, 204, 205);"
        />
        <div
          class="timeline-cells-cell"
          style="background-color: rgb(235, 115, 120);"
        />
        <div
          class="timeline-cells-cell"
          style="background-color: rgb(248, 204, 205);"
        />
        <div
          class="timeline-cells-cell"
          style="background-color: rgb(235, 115, 120);"
        />
        <div
          class="timeline-cells-cell"
          style="background-color: rgb(235, 115, 120);"
        />
        <div
          class="timeline-cells-cell"
          style="background-color: rgb(164, 219, 165);"
        />
        <div
          class="timeline-cells-cell"
          style="background-color: rgb(235, 115, 120);"
        />
        <div
          class="timeline-cells-cell"
          style="background-color: rgb(235, 115, 120);"
        />
        <div
          class="timeline-cells-cell"
          style="background-color: rgb(235, 115, 120);"
        />
        <div
          class="timeline-cells-cell"
          style="background-color: rgb(235, 115, 120);"
        />
        <div
          class="timeline-cells-cell"
          style="background-color: rgb(248, 204, 205);"
        />
        <div
          class="timeline-cells-cell"
          style="background-color: rgb(233, 98, 102);"
        />
        <div
          class="timeline-cells-cell"
          style="background-color: rgb(235, 115, 120);"
        />
        <div
          class="timeline-cells-cell"
          style="background-color: rgb(235, 115, 120);"
        />
        <div
          class="timeline-cells-cell"
          style="background-color: rgb(235, 115, 120);"
        />
        <div
          class="timeline-cells-cell"
          style="background-color: rgb(235, 115, 120);"
        />
        <div
          class="timeline-cells-cell"
          style="background-color: rgb(231, 85, 90);"
        />
        <div
          class="timeline-cells-cell"
          style="background-color: rgb(150, 213, 152);"
        />
        <div
          class="timeline-cells-cell"
          style="background-color: rgb(235, 115, 120);"
        />
        <div
          class="timeline-cells-cell"
          style="background-color: rgb(235, 115, 120);"
        />
        <div
          class="timeline-cells-cell"
          style="background-color: rgb(235, 115, 120);"
        />
        <div
          class="timeline-cells-cell"
          style="background-color: rgb(235, 115, 120);"
        />
        <div
          class="timeline-cells-cell"
          style="background-color: rgb(248, 204, 205);"
        />
        <div
          class="timeline-cells-cell"
          style="background-color: rgb(235, 115, 120);"
        />
        <div
          class="timeline-cells-cell"
          style="background-color: rgb(235, 115, 120);"
        />
        <div
          class="timeline-cells-cell"
          style="background-color: rgb(235, 115, 120);"
        />
        <div
          class="timeline-cells-cell"
          style="background-color: rgb(248, 204, 205);"
        />
        <div
          class="timeline-cells-cell"
          style="background-color: rgb(235, 115, 120);"
        />
        <div
          class="timeline-cells-cell"
          style="background-color: rgb(235, 115, 120);"
        />
        <div
          class="timeline-cells-cell"
          style="background-color: rgb(235, 115, 120);"
        />
        <div
          class="timeline-cells-cell"
          style="background-color: rgb(235, 115, 120);"
        />
        <div
          class="timeline-cells-cell"
          style="background-color: rgb(248, 204, 205);"
        />
        <div
          class="timeline-cells-cell"
          style="background-color: rgb(235, 115, 120);"
        />
        <div
          class="timeline-cells-cell"
          style="background-color: rgb(235, 115, 120);"
        />
        <div
          class="timeline-cells-cell"
          style="background-color: rgb(235, 115, 120);"
        />
        <div
          class="timeline-cells-cell"
          style="background-color: rgb(235, 115, 120);"
        />
        <div
          class="timeline-cells-cell"
          style="background-color: rgb(233, 98, 102);"
        />
        <div
          class="timeline-cells-cell"
          style="background-color: rgb(233, 98, 102);"
        />
        <div
          class="timeline-cells-cell"
          style="background-color: rgb(235, 115, 120);"
        />
        <div
          class="timeline-cells-cell"
          style="background-color: rgb(235, 115, 120);"
        />
        <div
          class="timeline-cells-cell"
          style="background-color: rgb(235, 115, 120);"
        />
        <div
          class="timeline-cells-cell"
          style="background-color: rgb(235, 115, 120);"
        />
        <div
          class="timeline-cells-cell"
          style="background-color: rgb(231, 85, 90);"
        />
        <div
          class="timeline-cells-cell"
          style="background-color: rgb(235, 115, 120);"
        />
        <div
          class="timeline-cells-cell"
          style="background-color: rgb(235, 115, 120);"
        />
        <div
          class="timeline-cells-cell"
          style="background-color: rgb(235, 115, 120);"
        />
        <div
          class="timeline-cells-cell"
          style="background-color: rgb(235, 115, 120);"
        />
        <div
          class="timeline-cells-cell"
          style="background-color: rgb(248, 204, 205);"
        />
        <div
          class="timeline-cells-cell"
          style="background-color: rgb(248, 204, 205);"
        />
        <div
          class="timeline-cells-cell"
          style="background-color: rgb(235, 115, 120);"
        />
        <div
          class="timeline-cells-cell"
          style="background-color: rgb(235, 115, 120);"
        />
        <div
          class="timeline-cells-cell"
          style="background-color: rgb(235, 115, 120);"
        />
        <div
          class="timeline-cells-cell"
          style="background-color: rgb(235, 115, 120);"
        />
        <div
          class="timeline-cells-cell"
          style="background-color: rgb(235, 115, 120);"
        />
        <div
          class="timeline-cells-cell"
          style="background-color: rgb(235, 115, 120);"
        />
        <div
          class="timeline-cells-cell"
          style="background-color: rgb(231, 85, 90);"
        />
        <div
          class="timeline-cells-cell"
          style="background-color: rgb(235, 115, 120);"
        />
        <div
          class="timeline-cells-cell"
          style="background-color: rgb(235, 115, 120);"
        />
        <div
          class="timeline-cells-cell"
          style="background-color: rgb(235, 115, 120);"
        />
        <div
          class="timeline-cells-cell"
          style="background-color: rgb(235, 115, 120);"
        />
        <div
          class="timeline-cells-cell"
          style="background-color: rgb(235, 115, 120);"
        />
        <div
          class="timeline-cells-cell"
          style="background-color: rgb(248, 204, 205);"
        />
        <div
          class="timeline-cells-cell"
          style="background-color: rgb(235, 115, 120);"
        />
        <div
          class="timeline-cells-cell"
          style="background-color: rgb(235, 115, 120);"
        />
        <div
          class="timeline-cells-cell"
          style="background-color: rgb(235, 115, 120);"
        />
        <div
          class="timeline-cells-cell"
          style="background-color: rgb(233, 98, 102);"
        />
        <div
          class="timeline-cells-cell"
          style="background-color: rgb(235, 115, 120);"
        />
        <div
          class="timeline-cells-cell"
          style="background-color: rgb(235, 115, 120);"
        />
        <div
          class="timeline-cells-cell"
          style="background-color: rgb(164, 219, 165);"
        />
        <div
          class="timeline-cells-cell"
          style="background-color: rgb(235, 115, 120);"
        />
        <div
          class="timeline-cells-cell"
          style="background-color: rgb(150, 213, 152);"
        />
        <div
          class="timeline-cells-cell"
          style="background-color: rgb(231, 85, 90);"
        />
        <div
          class="timeline-cells-cell"
          style="background-color: rgb(235, 115, 120);"
        />
        <div
          class="timeline-cells-cell"
          style="background-color: rgb(235, 115, 120);"
        />
        <div
          class="timeline-cells-cell"
          style="background-color: rgb(235, 115, 120);"
        />
        <div
          class="timeline-cells-cell"
          style="background-color: rgb(235, 115, 120);"
        />
        <div
          class="timeline-cells-cell"
          style="background-color: rgb(235, 115, 120);"
        />
        <div
          class="timeline-cells-cell"
          style="background-color: rgb(235, 115, 120);"
        />
        <div
          class="timeline-cells-cell"
          style="background-color: rgb(248, 204, 205);"
        />
        <div
          class="timeline-cells-cell"
          style="background-color: rgb(235, 115, 120);"
        />
        <div
          class="timeline-cells-cell"
          style="background-color: rgb(233, 98, 102);"
        />
        <div
          class="timeline-cells-cell"
        />
        <div
          class="timeline-cells-cell"
          style="background-color: rgb(220, 8, 8);"
        />
        <div
          class="timeline-cells-cell"
          style="background-color: rgb(220, 8, 8);"
        />
        <div
          class="timeline-cells-cell"
          style="background-color: rgb(220, 8, 8);"
        />
        <div
          class="timeline-cells-cell"
          style="background-color: rgb(220, 8, 8);"
        />
        <div
          class="timeline-cells-cell"
          style="background-color: rgb(220, 8, 8);"
        />
        <div
          class="timeline-cells-cell"
          style="background-color: rgb(220, 8, 8);"
        />
        <div
          class="timeline-cells-cell"
          style="background-color: rgb(220, 8, 8);"
        />
        <div
          class="timeline-cells-cell"
          style="background-color: rgb(220, 8, 8);"
        />
        <div
          class="timeline-cells-cell"
          style="background-color: rgb(220, 8, 8);"
        />
        <div
          class="timeline-cells-cell"
          style="background-color: rgb(220, 8, 8);"
        />
        <div
          class="timeline-cells-cell"
          style="background-color: rgb(231, 85, 90);"
        />
        <div
          class="timeline-cells-cell"
          style="background-color: rgb(220, 8, 8);"
        />
        <div
          class="timeline-cells-cell"
          style="background-color: rgb(220, 8, 8);"
        />
        <div
          class="timeline-cells-cell"
          style="background-color: rgb(220, 8, 8);"
        />
        <div
          class="timeline-cells-cell"
          style="background-color: rgb(231, 85, 90);"
        />
        <div
          class="timeline-cells-cell"
          style="background-color: rgb(220, 8, 8);"
        />
        <div
          class="timeline-cells-cell"
          style="background-color: rgb(231, 85, 90);"
        />
        <div
          class="timeline-cells-cell"
          style="background-color: rgb(220, 8, 8);"
        />
        <div
          class="timeline-cells-cell"
          style="background-color: rgb(220, 8, 8);"
        />
        <div
          class="timeline-cells-cell"
          style="background-color: rgb(220, 8, 8);"
        />
        <div
          class="timeline-cells-cell"
          style="background-color: rgb(231, 85, 90);"
        />
        <div
          class="timeline-cells-cell"
          style="background-color: rgb(220, 8, 8);"
        />
        <div
          class="timeline-cells-cell"
          style="background-color: rgb(220, 8, 8);"
        />
        <div
          class="timeline-cells-cell"
          style="background-color: rgb(231, 85, 90);"
        />
        <div
          class="timeline-cells-cell"
          style="background-color: rgb(235, 115, 120);"
        />
        <div
          class="timeline-cells-cell"
          style="background-color: rgb(235, 115, 120);"
        />
        <div
          class="timeline-cells-cell"
          style="background-color: rgb(220, 8, 8);"
        />
        <div
          class="timeline-cells-cell"
          style="background-color: rgb(220, 8, 8);"
        />
        <div
          class="timeline-cells-cell"
          style="background-color: rgb(220, 8, 8);"
        />
        <div
          class="timeline-cells-cell"
          style="background-color: rgb(220, 8, 8);"
        />
        <div
          class="timeline-cells-cell"
          style="background-color: rgb(220, 8, 8);"
        />
        <div
          class="timeline-cells-cell"
          style="background-color: rgb(231, 85, 90);"
        />
        <div
          class="timeline-cells-cell"
          style="background-color: rgb(220, 8, 8);"
        />
        <div
          class="timeline-cells-cell"
          style="background-color: rgb(220, 8, 8);"
        />
        <div
          class="timeline-cells-cell"
          style="background-color: rgb(235, 115, 120);"
        />
        <div
          class="timeline-cells-cell"
          style="background-color: rgb(220, 8, 8);"
        />
        <div
          class="timeline-cells-cell"
          style="background-color: rgb(231, 85, 90);"
        />
        <div
          class="timeline-cells-cell"
          style="background-color: rgb(231, 85, 90);"
        />
        <div
          class="timeline-cells-cell"
          style="background-color: rgb(231, 85, 90);"
        />
        <div
          class="timeline-cells-cell"
          style="background-color: rgb(233, 98, 102);"
        />
        <div
          class="timeline-cells-cell"
          style="background-color: rgb(220, 8, 8);"
        />
        <div
          class="timeline-cells-cell"
          style="background-color: rgb(220, 8, 8);"
        />
        <div
          class="timeline-cells-cell"
          style="background-color: rgb(220, 8, 8);"
        />
        <div
          class="timeline-cells-cell"
          style="background-color: rgb(231, 85, 90);"
        />
        <div
          class="timeline-cells-cell"
          style="background-color: rgb(220, 8, 8);"
        />
        <div
          class="timeline-cells-cell"
          style="background-color: rgb(220, 8, 8);"
        />
        <div
          class="timeline-cells-cell"
          style="background-color: rgb(220, 8, 8);"
        />
        <div
          class="timeline-cells-cell"
          style="background-color: rgb(220, 8, 8);"
        />
        <div
          class="timeline-cells-cell"
          style="background-color: rgb(235, 115, 120);"
        />
        <div
          class="timeline-cells-cell"
          style="background-color: rgb(231, 85, 90);"
        />
        <div
          class="timeline-cells-cell"
          style="background-color: rgb(89, 189, 91);"
        />
        <div
          class="timeline-cells-cell"
          style="background-color: rgb(89, 189, 91);"
        />
        <div
          class="timeline-cells-cell"
          style="background-color: rgb(89, 189, 91);"
        />
        <div
          class="timeline-cells-cell"
          style="background-color: rgb(109, 197, 110);"
        />
        <div
          class="timeline-cells-cell"
          style="background-color: rgb(109, 197, 110);"
        />
        <div
          class="timeline-cells-cell"
          style="background-color: rgb(89, 189, 91);"
        />
        <div
          class="timeline-cells-cell"
          style="background-color: rgb(109, 197, 110);"
        />
        <div
          class="timeline-cells-cell"
          style="background-color: rgb(89, 189, 91);"
        />
        <div
          class="timeline-cells-cell"
          style="background-color: rgb(89, 189, 91);"
        />
        <div
          class="timeline-cells-cell"
          style="background-color: rgb(109, 197, 110);"
        />
        <div
          class="timeline-cells-cell"
          style="background-color: rgb(89, 189, 91);"
        />
        <div
          class="timeline-cells-cell"
          style="background-color: rgb(89, 189, 91);"
        />
        <div
          class="timeline-cells-cell"
          style="background-color: rgb(89, 189, 91);"
        />
        <div
          class="timeline-cells-cell"
          style="background-color: rgb(89, 189, 91);"
        />
        <div
          class="timeline-cells-cell"
          style="background-color: rgb(89, 189, 91);"
        />
        <div
          class="timeline-cells-cell"
          style="background-color: rgb(89, 189, 91);"
        />
        <div
          class="timeline-cells-cell"
          style="background-color: rgb(89, 189, 91);"
        />
        <div
          class="timeline-cells-cell"
          style="background-color: rgb(89, 189, 91);"
        />
        <div
          class="timeline-cells-cell"
          style="background-color: rgb(89, 189, 91);"
        />
        <div
          class="timeline-cells-cell"
          style="background-color: rgb(2, 160, 4);"
        />
        <div
          class="timeline-cells-cell"
          style="background-color: rgb(89, 189, 91);"
        />
        <div
          class="timeline-cells-cell"
          style="background-color: rgb(109, 197, 110);"
        />
        <div
          class="timeline-cells-cell"
          style="background-color: rgb(89, 189, 91);"
        />
        <div
          class="timeline-cells-cell"
          style="background-color: rgb(89, 189, 91);"
        />
        <div
          class="timeline-cells-cell"
          style="background-color: rgb(89, 189, 91);"
        />
        <div
          class="timeline-cells-cell"
          style="background-color: rgb(2, 160, 4);"
        />
        <div
          class="timeline-cells-cell"
          style="background-color: rgb(109, 197, 110);"
        />
        <div
          class="timeline-cells-cell"
          style="background-color: rgb(2, 160, 4);"
        />
        <div
          class="timeline-cells-cell"
          style="background-color: rgb(89, 189, 91);"
        />
        <div
          class="timeline-cells-cell"
        />
        <div
          class="timeline-cells-cell"
          style="background-color: rgb(109, 197, 110);"
        />
        <div
          class="timeline-cells-cell"
          style="background-color: rgb(89, 189, 91);"
        />
        <div
          class="timeline-cells-cell"
          style="background-color: rgb(89, 189, 91);"
        />
        <div
          class="timeline-cells-cell"
          style="background-color: rgb(89, 189, 91);"
        />
        <div
          class="timeline-cells-cell"
          style="background-color: rgb(109, 197, 110);"
        />
        <div
          class="timeline-cells-cell"
          style="background-color: rgb(109, 197, 110);"
        />
        <div
          class="timeline-cells-cell"
          style="background-color: rgb(109, 197, 110);"
        />
        <div
          class="timeline-cells-cell"
          style="background-color: rgb(248, 204, 205);"
        />
        <div
          class="timeline-cells-cell"
          style="background-color: rgb(109, 197, 110);"
        />
        <div
          class="timeline-cells-cell"
          style="background-color: rgb(89, 189, 91);"
        />
        <div
          class="timeline-cells-cell"
          style="background-color: rgb(248, 204, 205);"
        />
        <div
          class="timeline-cells-cell"
          style="background-color: rgb(109, 197, 110);"
        />
        <div
          class="timeline-cells-cell"
          style="background-color: rgb(150, 213, 152);"
        />
        <div
          class="timeline-cells-cell"
          style="background-color: rgb(109, 197, 110);"
        />
        <div
          class="timeline-cells-cell"
          style="background-color: rgb(109, 197, 110);"
        />
        <div
          class="timeline-cells-cell"
          style="background-color: rgb(235, 115, 120);"
        />
        <div
          class="timeline-cells-cell"
          style="background-color: rgb(150, 213, 152);"
        />
        <div
          class="timeline-cells-cell"
          style="background-color: rgb(109, 197, 110);"
        />
        <div
          class="timeline-cells-cell"
          style="background-color: rgb(109, 197, 110);"
        />
        <div
          class="timeline-cells-cell"
          style="background-color: rgb(109, 197, 110);"
        />
        <div
          class="timeline-cells-cell"
          style="background-color: rgb(89, 189, 91);"
        />
        <div
          class="timeline-cells-cell"
          style="background-color: rgb(89, 189, 91);"
        />
        <div
          class="timeline-cells-cell"
          style="background-color: rgb(109, 197, 110);"
        />
        <div
          class="timeline-cells-cell"
          style="background-color: rgb(109, 197, 110);"
        />
        <div
          class="timeline-cells-cell"
          style="background-color: rgb(164, 219, 165);"
        />
        <div
          class="timeline-cells-cell"
          style="background-color: rgb(109, 197, 110);"
        />
        <div
          class="timeline-cells-cell"
          style="background-color: rgb(109, 197, 110);"
        />
        <div
          class="timeline-cells-cell"
          style="background-color: rgb(109, 197, 110);"
        />
        <div
          class="timeline-cells-cell"
          style="background-color: rgb(109, 197, 110);"
        />
        <div
          class="timeline-cells-cell"
          style="background-color: rgb(89, 189, 91);"
        />
        <div
          class="timeline-cells-cell"
          style="background-color: rgb(89, 189, 91);"
        />
        <div
          class="timeline-cells-cell"
          style="background-color: rgb(109, 197, 110);"
        />
        <div
          class="timeline-cells-cell"
          style="background-color: rgb(89, 189, 91);"
        />
        <div
          class="timeline-cells-cell"
          style="background-color: rgb(109, 197, 110);"
        />
        <div
          class="timeline-cells-cell"
          style="background-color: rgb(89, 189, 91);"
        />
        <div
          class="timeline-cells-cell"
          style="background-color: rgb(109, 197, 110);"
        />
        <div
          class="timeline-cells-cell"
          style="background-color: rgb(89, 189, 91);"
        />
        <div
          class="timeline-cells-cell"
          style="background-color: rgb(109, 197, 110);"
        />
        <div
          class="timeline-cells-cell"
          style="background-color: rgb(109, 197, 110);"
        />
        <div
          class="timeline-cells-cell"
          style="background-color: rgb(235, 115, 120);"
        />
        <div
          class="timeline-cells-cell"
          style="background-color: rgb(235, 115, 120);"
        />
        <div
          class="timeline-cells-cell"
          style="background-color: rgb(235, 115, 120);"
        />
        <div
          class="timeline-cells-cell"
          style="background-color: rgb(231, 85, 90);"
        />
        <div
          class="timeline-cells-cell"
          style="background-color: rgb(235, 115, 120);"
        />
        <div
          class="timeline-cells-cell"
          style="background-color: rgb(235, 115, 120);"
        />
        <div
          class="timeline-cells-cell"
          style="background-color: rgb(233, 98, 102);"
        />
        <div
          class="timeline-cells-cell"
          style="background-color: rgb(235, 115, 120);"
        />
        <div
          class="timeline-cells-cell"
          style="background-color: rgb(235, 115, 120);"
        />
        <div
          class="timeline-cells-cell"
          style="background-color: rgb(235, 115, 120);"
        />
        <div
          class="timeline-cells-cell"
          style="background-color: rgb(164, 219, 165);"
        />
        <div
          class="timeline-cells-cell"
          style="background-color: rgb(235, 115, 120);"
        />
        <div
          class="timeline-cells-cell"
          style="background-color: rgb(235, 115, 120);"
        />
        <div
          class="timeline-cells-cell"
          style="background-color: rgb(248, 204, 205);"
        />
        <div
          class="timeline-cells-cell"
          style="background-color: rgb(235, 115, 120);"
        />
        <div
          class="timeline-cells-cell"
          style="background-color: rgb(231, 85, 90);"
        />
        <div
          class="timeline-cells-cell"
          style="background-color: rgb(235, 115, 120);"
        />
        <div
          class="timeline-cells-cell"
          style="background-color: rgb(235, 115, 120);"
        />
        <div
          class="timeline-cells-cell"
          style="background-color: rgb(231, 85, 90);"
        />
        <div
          class="timeline-cells-cell"
          style="background-color: rgb(235, 115, 120);"
        />
        <div
          class="timeline-cells-cell"
          style="background-color: rgb(235, 115, 120);"
        />
        <div
          class="timeline-cells-cell"
          style="background-color: rgb(231, 85, 90);"
        />
        <div
          class="timeline-cells-cell"
          style="background-color: rgb(231, 85, 90);"
        />
        <div
          class="timeline-cells-cell"
          style="background-color: rgb(235, 115, 120);"
        />
        <div
          class="timeline-cells-cell"
          style="background-color: rgb(231, 85, 90);"
        />
        <div
          class="timeline-cells-cell"
          style="background-color: rgb(233, 98, 102);"
        />
        <div
          class="timeline-cells-cell"
          style="background-color: rgb(235, 115, 120);"
        />
        <div
          class="timeline-cells-cell"
          style="background-color: rgb(231, 85, 90);"
        />
        <div
          class="timeline-cells-cell"
          style="background-color: rgb(235, 115, 120);"
        />
        <div
          class="timeline-cells-cell"
          style="background-color: rgb(231, 85, 90);"
        />
        <div
          class="timeline-cells-cell"
          style="background-color: rgb(231, 85, 90);"
        />
        <div
          class="timeline-cells-cell"
          style="background-color: rgb(235, 115, 120);"
        />
        <div
          class="timeline-cells-cell"
          style="background-color: rgb(235, 115, 120);"
        />
        <div
          class="timeline-cells-cell"
          style="background-color: rgb(235, 115, 120);"
        />
        <div
          class="timeline-cells-cell"
          style="background-color: rgb(235, 115, 120);"
        />
        <div
          class="timeline-cells-cell"
        />
        <div
          class="timeline-cells-cell"
        />
        <div
          class="timeline-cells-cell"
        />
        <div
          class="timeline-cells-cell"
        />
        <div
          class="timeline-cells-cell"
        />
        <div
          class="timeline-cells-cell"
        />
        <div
          class="timeline-cells-cell"
        />
        <div
          class="timeline-cells-cell"
        />
        <div
          class="timeline-cells-cell"
        />
        <div
          class="timeline-cells-cell"
        />
      </div>
    </div>
    <div
      class="timeline-months"
    >
      <div
        class="timeline-months-month Jan"
      >
        Jan
      </div>
      <div
        class="timeline-months-month Jan"
      >
        Jan
      </div>
      <div
        class="timeline-months-month Jan"
      >
        Jan
      </div>
      <div
        class="timeline-months-month Jan"
      >
        Jan
      </div>
      <div
        class="timeline-months-month Jan"
      >
        Jan
      </div>
      <div
        class="timeline-months-month Feb"
      >
        Feb
      </div>
      <div
        class="timeline-months-month Feb"
      >
        Feb
      </div>
      <div
        class="timeline-months-month Feb"
      >
        Feb
      </div>
      <div
        class="timeline-months-month Feb"
      >
        Feb
      </div>
      <div
        class="timeline-months-month Mar"
      >
        Mar
      </div>
      <div
        class="timeline-months-month Mar"
      >
        Mar
      </div>
      <div
        class="timeline-months-month Mar"
      >
        Mar
      </div>
      <div
        class="timeline-months-month Mar"
      >
        Mar
      </div>
      <div
        class="timeline-months-month Apr"
      >
        Apr
      </div>
      <div
        class="timeline-months-month Apr"
      >
        Apr
      </div>
      <div
        class="timeline-months-month Apr"
      >
        Apr
      </div>
      <div
        class="timeline-months-month Apr"
      >
        Apr
      </div>
      <div
        class="timeline-months-month Apr"
      >
        Apr
      </div>
      <div
        class="timeline-months-month May"
      >
        May
      </div>
      <div
        class="timeline-months-month May"
      >
        May
      </div>
      <div
        class="timeline-months-month May"
      >
        May
      </div>
      <div
        class="timeline-months-month May"
      >
        May
      </div>
      <div
        class="timeline-months-month Jun"
      >
        Jun
      </div>
      <div
        class="timeline-months-month Jun"
      >
        Jun
      </div>
      <div
        class="timeline-months-month Jun"
      >
        Jun
      </div>
      <div
        class="timeline-months-month Jun"
      >
        Jun
      </div>
      <div
        class="timeline-months-month Jul"
      >
        Jul
      </div>
      <div
        class="timeline-months-month Jul"
      >
        Jul
      </div>
      <div
        class="timeline-months-month Jul"
      >
        Jul
      </div>
      <div
        class="timeline-months-month Jul"
      >
        Jul
      </div>
      <div
        class="timeline-months-month Jul"
      >
        Jul
      </div>
      <div
        class="timeline-months-month Aug"
      >
        Aug
      </div>
      <div
        class="timeline-months-month Aug"
      >
        Aug
      </div>
      <div
        class="timeline-months-month Aug"
      >
        Aug
      </div>
      <div
        class="timeline-months-month Aug"
      >
        Aug
      </div>
      <div
        class="timeline-months-month Sep"
      >
        Sep
      </div>
      <div
        class="timeline-months-month Sep"
      >
        Sep
      </div>
      <div
        class="timeline-months-month Sep"
      >
        Sep
      </div>
      <div
        class="timeline-months-month Sep"
      >
        Sep
      </div>
      <div
        class="timeline-months-month Oct"
      >
        Oct
      </div>
      <div
        class="timeline-months-month Oct"
      >
        Oct
      </div>
      <div
        class="timeline-months-month Oct"
      >
        Oct
      </div>
      <div
        class="timeline-months-month Oct"
      >
        Oct
      </div>
      <div
        class="timeline-months-month Oct"
      >
        Oct
      </div>
      <div
        class="timeline-months-month Nov"
      >
        Nov
      </div>
      <div
        class="timeline-months-month Nov"
      >
        Nov
      </div>
      <div
        class="timeline-months-month Nov"
      >
        Nov
      </div>
      <div
        class="timeline-months-month Nov"
      >
        Nov
      </div>
      <div
        class="timeline-months-month Dec"
      >
        Dec
      </div>
      <div
        class="timeline-months-month Dec"
      >
        Dec
      </div>
      <div
        class="timeline-months-month Dec"
      >
        Dec
      </div>
      <div
        class="timeline-months-month Dec"
      >
        Dec
      </div>
    </div>
  </div>
</div>
`;
